// Jest Snapshot v1, https://goo.gl/fbAQLP

exports[`typesFactory() fetchTypes() it calls es client search function with params index, type, and doc 1`] = `
Object {
  "body": Object {
    "aggs": Object {
      "@types": Object {
        "terms": Object {
          "field": "@type.raw",
        },
      },
    },
  },
  "index": "my_index",
  "type": "doc",
}
`;
