// Jest Snapshot v1, https://goo.gl/fbAQLP

exports[`normalizer() matches the expected output with colors added 1`] = `
Array [
  Object {
    "color": "#dcdadd",
    "doc_count": 30,
    "key": "prov:Entity",
  },
  Object {
    "color": "#ded76b",
    "doc_count": 25,
    "key": "nsg:ResponseTrace",
  },
  Object {
    "color": "#f6b0e7",
    "doc_count": 25,
    "key": "nsg:Trace",
  },
  Object {
    "color": "#78e6a8",
    "doc_count": 3,
    "key": "nsg:Subject",
  },
  Object {
    "color": "#f4be9c",
    "doc_count": 2,
    "key": "nsg:ReconstructedWholeBrainCell",
  },
  Object {
    "color": "#5bebee",
    "doc_count": 1,
    "key": "prov:Agent",
  },
  Object {
    "color": "#78ccf6",
    "doc_count": 1,
    "key": "schema:Dataset",
  },
]
`;
